2026-05-26 21:33:14,867 - INFO - Pet created: Piploc
2026-05-30 20:03:04,335 - INFO - Appointment created for pet 3
2026-05-30 20:03:46,505 - INFO - Owner created: Peter Sanchez
2026-05-30 20:04:40,334 - INFO - Pet created: Siri weasel 
2026-05-30 20:20:07,191 - INFO - Searching pets by name: max
2026-05-31 11:12:25,435 - INFO - Searching owners by name: peter
2026-05-31 11:12:35,277 - INFO - Searching owners by name: sanchez
2026-05-31 11:12:40,328 - INFO - Searching owners by name: juan
2026-05-31 11:13:03,341 - INFO - Searching pets by name: Weasel
2026-05-31 11:14:58,271 - INFO - Searching owners by name: jua
2026-05-31 11:42:58,454 - INFO - Owner updated: 3
2026-05-31 11:43:10,136 - WARNING - Owner 3 still has pets assigned
2026-05-31 12:05:32,649 - WARNING - Owner 3 still has pets assigned
2026-05-31 12:59:52,301 - INFO - Appointment created for pet 4
2026-05-31 13:07:29,904 - INFO - Appointment updated: 4
2026-06-05 05:18:58,343 - WARNING - Pet ID 999 not found
2026-06-05 05:18:58,360 - INFO - Appointment created for pet 1
2026-06-05 05:18:58,397 - WARNING - Invalid owner ID: 999
2026-06-05 05:18:58,401 - INFO - Pet created: Max
2026-06-05 05:22:42,730 - WARNING - Pet ID 999 not found
2026-06-05 05:22:42,770 - INFO - Appointment created for pet 1
2026-06-05 05:22:42,805 - WARNING - Invalid owner ID: 999
2026-06-05 05:22:42,809 - INFO - Pet created: Max
2026-06-05 05:32:19,304 - WARNING - Pet ID 999 not found
2026-06-05 05:32:19,316 - INFO - Appointment created for pet 1
2026-06-05 05:32:19,330 - INFO - Owner created: Juan
2026-06-05 05:32:19,337 - WARNING - Owner ID 999 not found
2026-06-05 05:32:19,341 - INFO - Owner deleted: 1
2026-06-05 05:32:19,345 - WARNING - Owner 1 still has pets assigned
2026-06-05 05:32:19,349 - INFO - Owner updated: 1
2026-06-05 05:32:19,371 - WARNING - Invalid owner ID: 999
2026-06-05 05:32:19,375 - INFO - Pet created: Max
2026-06-05 05:32:49,660 - WARNING - Pet ID 999 not found
2026-06-05 05:32:49,691 - INFO - Appointment created for pet 1
2026-06-05 05:32:49,703 - INFO - Owner created: Juan
2026-06-05 05:32:49,710 - WARNING - Owner ID 999 not found
2026-06-05 05:32:49,714 - INFO - Owner deleted: 1
2026-06-05 05:32:49,717 - WARNING - Owner 1 still has pets assigned
2026-06-05 05:32:49,720 - INFO - Owner updated: 1
2026-06-05 05:32:49,738 - WARNING - Invalid owner ID: 999
2026-06-05 05:32:49,742 - INFO - Pet created: Max
2026-06-05 05:40:08,874 - WARNING - Pet ID 999 not found
2026-06-05 05:40:08,887 - INFO - Appointment created for pet 1
2026-06-05 05:40:08,895 - WARNING - Appointment ID 999 not found
2026-06-05 05:40:08,912 - INFO - Owner created: Juan
2026-06-05 05:40:08,919 - WARNING - Owner ID 999 not found
2026-06-05 05:40:08,924 - INFO - Owner deleted: 1
2026-06-05 05:40:08,929 - WARNING - Owner 1 still has pets assigned
2026-06-05 05:40:08,934 - INFO - Owner updated: 1
2026-06-05 05:40:08,957 - WARNING - Invalid owner ID: 999
2026-06-05 05:40:08,961 - INFO - Pet created: Max
2026-06-05 05:40:08,970 - WARNING - Pet ID 999 not found
2026-06-05 05:40:08,975 - INFO - Pet deleted: 1
2026-06-05 05:40:29,678 - WARNING - Pet ID 999 not found
2026-06-05 05:40:29,707 - INFO - Appointment created for pet 1
2026-06-05 05:40:29,715 - WARNING - Appointment ID 999 not found
2026-06-05 05:40:29,732 - INFO - Owner created: Juan
2026-06-05 05:40:29,740 - WARNING - Owner ID 999 not found
2026-06-05 05:40:29,744 - INFO - Owner deleted: 1
2026-06-05 05:40:29,748 - WARNING - Owner 1 still has pets assigned
2026-06-05 05:40:29,752 - INFO - Owner updated: 1
2026-06-05 05:40:29,773 - WARNING - Invalid owner ID: 999
2026-06-05 05:40:29,778 - INFO - Pet created: Max
2026-06-05 05:40:29,784 - WARNING - Pet ID 999 not found
2026-06-05 05:40:29,788 - INFO - Pet deleted: 1
2026-06-05 05:47:45,201 - WARNING - Pet ID 999 not found
2026-06-05 05:47:45,223 - INFO - Appointment created for pet 1
2026-06-05 05:47:45,231 - WARNING - Appointment ID 999 not found
2026-06-05 05:47:45,246 - INFO - Owner created: Juan
2026-06-05 05:47:45,253 - WARNING - Owner ID 999 not found
2026-06-05 05:47:45,258 - INFO - Owner deleted: 1
2026-06-05 05:47:45,262 - WARNING - Owner 1 still has pets assigned
2026-06-05 05:47:45,266 - INFO - Owner updated: 1
2026-06-05 05:47:45,292 - WARNING - Invalid owner ID: 999
2026-06-05 05:47:45,297 - INFO - Pet created: Max
2026-06-05 05:47:45,306 - WARNING - Pet ID 999 not found
2026-06-05 05:47:45,310 - INFO - Pet deleted: 1
2026-06-05 05:47:45,314 - INFO - Pet updated: 1
2026-06-05 05:47:45,320 - WARNING - Pet ID 999 not found
2026-06-05 05:47:45,324 - INFO - Pet deleted: 1
2026-06-05 05:47:45,328 - WARNING - Pet ID 999 not found
2026-06-05 05:55:25,319 - INFO - Searching owners by name: juan
2026-06-05 05:55:25,372 - INFO - Searching pets by name: max
2026-06-05 05:55:25,388 - WARNING - Pet ID 999 not found
2026-06-05 05:55:25,397 - INFO - Appointment created for pet 1
2026-06-05 05:55:25,405 - WARNING - Appointment ID 999 not found
2026-06-05 05:55:25,417 - INFO - Owner created: Juan
2026-06-05 05:55:25,425 - WARNING - Owner ID 999 not found
2026-06-05 05:55:25,429 - INFO - Owner deleted: 1
2026-06-05 05:55:25,432 - WARNING - Owner 1 still has pets assigned
2026-06-05 05:55:25,435 - INFO - Owner updated: 1
2026-06-05 05:55:25,467 - WARNING - Invalid owner ID: 999
2026-06-05 05:55:25,472 - INFO - Pet created: Max
2026-06-05 05:55:25,480 - WARNING - Pet ID 999 not found
2026-06-05 05:55:25,483 - INFO - Pet deleted: 1
2026-06-05 05:55:25,490 - INFO - Pet updated: 1
2026-06-05 05:55:25,494 - WARNING - Pet ID 999 not found
2026-06-05 05:55:25,499 - INFO - Pet deleted: 1
2026-06-05 05:55:25,503 - WARNING - Pet ID 999 not found
2026-06-05 06:44:30,888 - WARNING - Pet ID 999 not found
2026-06-05 06:44:30,897 - INFO - Appointment created for pet 1
2026-06-05 06:44:30,903 - WARNING - Appointment ID 999 not found
2026-06-05 06:44:30,917 - INFO - Owner created: Juan
2026-06-05 06:44:30,922 - WARNING - Owner ID 999 not found
2026-06-05 06:44:30,926 - INFO - Owner deleted: 1
2026-06-05 06:44:30,930 - WARNING - Owner 1 still has pets assigned
2026-06-05 06:44:30,933 - INFO - Owner updated: 1
2026-06-05 06:44:30,952 - WARNING - Invalid owner ID: 999
2026-06-05 06:44:30,957 - INFO - Pet created: Max
2026-06-05 06:44:30,963 - WARNING - Pet ID 999 not found
2026-06-05 06:44:30,966 - INFO - Pet deleted: 1
2026-06-05 06:44:30,970 - INFO - Pet updated: 1
2026-06-05 06:44:30,974 - WARNING - Pet ID 999 not found
2026-06-05 06:44:30,978 - INFO - Pet deleted: 1
2026-06-05 06:44:30,981 - WARNING - Pet ID 999 not found
2026-06-05 09:33:11,733 - WARNING - Pet ID 999 not found
2026-06-05 09:33:11,744 - INFO - Appointment created for pet 1
2026-06-05 09:33:11,751 - WARNING - Appointment ID 999 not found
2026-06-05 09:33:11,768 - INFO - Owner created: Juan
2026-06-05 09:33:11,774 - WARNING - Owner ID 999 not found
2026-06-05 09:33:11,779 - INFO - Owner deleted: 1
2026-06-05 09:33:11,784 - WARNING - Owner 1 still has pets assigned
2026-06-05 09:33:11,788 - INFO - Owner updated: 1
2026-06-05 09:33:11,811 - WARNING - Invalid owner ID: 999
2026-06-05 09:33:11,815 - INFO - Pet created: Max
2026-06-05 09:33:11,823 - WARNING - Pet ID 999 not found
2026-06-05 09:33:11,827 - INFO - Pet deleted: 1
2026-06-05 09:33:11,833 - INFO - Pet updated: 1
2026-06-05 09:33:11,836 - WARNING - Pet ID 999 not found
2026-06-05 09:33:11,840 - INFO - Pet deleted: 1
2026-06-05 09:33:11,844 - WARNING - Pet ID 999 not found
2026-06-05 09:33:29,201 - WARNING - Pet ID 999 not found
2026-06-05 09:33:29,216 - INFO - Appointment created for pet 1
2026-06-05 09:33:29,224 - WARNING - Appointment ID 999 not found
2026-06-05 09:33:29,240 - INFO - Owner created: Juan
2026-06-05 09:33:29,247 - WARNING - Owner ID 999 not found
2026-06-05 09:33:29,251 - INFO - Owner deleted: 1
2026-06-05 09:33:29,256 - WARNING - Owner 1 still has pets assigned
2026-06-05 09:33:29,260 - INFO - Owner updated: 1
2026-06-05 09:33:29,282 - WARNING - Invalid owner ID: 999
2026-06-05 09:33:29,286 - INFO - Pet created: Max
2026-06-05 09:33:29,295 - WARNING - Pet ID 999 not found
2026-06-05 09:33:29,299 - INFO - Pet deleted: 1
2026-06-05 09:33:29,305 - INFO - Pet updated: 1
2026-06-05 09:33:29,309 - WARNING - Pet ID 999 not found
2026-06-05 09:33:29,313 - INFO - Pet deleted: 1
2026-06-05 09:33:29,317 - WARNING - Pet ID 999 not found
2026-06-06 10:41:15,892 - WARNING - Owner ID 0 not found
2026-06-06 10:42:07,307 - WARNING - Pet ID 0 not found
2026-06-06 10:42:08,908 - WARNING - Pet ID 0 not found
